// Jest Snapshot v1, https://goo.gl/fbAQLP

exports[`two plus two 1`] = `3`;
